EN motorstep NULL C:/Users/marti/OneDrive/Documentos/4/proyectFinal/SE/pcores/motor_hw_v1_00_a/hdl/vhdl/motorstep.vhd sub00/vhpl00 1702812422
AR one_hundred_k_counter behavioral C:/Users/marti/OneDrive/Documentos/4/proyectFinal/SE/pcores/motor_hw_v1_00_a/hdl/vhdl/100_k_counter.vhd sub00/vhpl03 1702812425
AR motorstep behavioral C:/Users/marti/OneDrive/Documentos/4/proyectFinal/SE/pcores/motor_hw_v1_00_a/hdl/vhdl/motorstep.vhd sub00/vhpl01 1702812423
EN one_hundred_k_counter NULL C:/Users/marti/OneDrive/Documentos/4/proyectFinal/SE/pcores/motor_hw_v1_00_a/hdl/vhdl/100_k_counter.vhd sub00/vhpl02 1702812424
