--------------------------------------------------------------------------------
Release 14.1 Trace  (nt64)
Copyright (c) 1995-2012 Xilinx, Inc.  All rights reserved.

C:\xilinEmpotrado\14.1\ISE_DS\ISE\bin\nt64\unwrapped\trce.exe -intstyle ise -v
3 -s 5 -n 3 -fastpaths -xml user_logic.twx user_logic.ncd -o user_logic.twr
user_logic.pcf

Design file:              user_logic.ncd
Physical constraint file: user_logic.pcf
Device,package,speed:     xc3s1000,ft256,-5 (PRODUCTION 1.39 2012-04-23)
Report level:             verbose report

Environment Variable      Effect 
--------------------      ------ 
NONE                      No environment variables were set
--------------------------------------------------------------------------------

INFO:Timing:2698 - No timing constraints found, doing default enumeration.
INFO:Timing:3412 - To improve timing, see the Timing Closure User Guide (UG612).
INFO:Timing:2752 - To get complete path coverage, use the unconstrained paths 
   option. All paths that are not constrained will be reported in the 
   unconstrained paths section(s) of the report.
INFO:Timing:3339 - The clock-to-out numbers in this timing report are based on 
   a 50 Ohm transmission line loading model.  For the details of this model, 
   and for more information on accounting for different loading conditions, 
   please see the device datasheet.
INFO:Timing:3390 - This architecture does not support a default System Jitter 
   value, please add SYSTEM_JITTER constraint to the UCF to modify the Clock 
   Uncertainty calculation.
INFO:Timing:3389 - This architecture does not support 'Discrete Jitter' and 
   'Phase Error' calculations, these terms will be zero in the Clock 
   Uncertainty calculation.  Please make appropriate modification to 
   SYSTEM_JITTER to account for the unsupported Discrete Jitter and Phase 
   Error.



Data Sheet report:
-----------------
All values displayed in nanoseconds (ns)

Setup/Hold to clock Bus2IP_Clk
---------------+------------+------------+------------------+--------+
               |Max Setup to|Max Hold to |                  | Clock  |
Source         | clk (edge) | clk (edge) |Internal Clock(s) | Phase  |
---------------+------------+------------+------------------+--------+
Bus2IP_BE<0>   |    5.351(R)|   -1.423(R)|Bus2IP_Clk_BUFGP  |   0.000|
Bus2IP_BE<1>   |    5.322(R)|   -2.251(R)|Bus2IP_Clk_BUFGP  |   0.000|
Bus2IP_BE<2>   |    5.424(R)|   -2.293(R)|Bus2IP_Clk_BUFGP  |   0.000|
Bus2IP_BE<3>   |    4.291(R)|   -1.283(R)|Bus2IP_Clk_BUFGP  |   0.000|
Bus2IP_Data<0> |    3.073(R)|   -0.889(R)|Bus2IP_Clk_BUFGP  |   0.000|
Bus2IP_Data<1> |    2.347(R)|   -0.358(R)|Bus2IP_Clk_BUFGP  |   0.000|
Bus2IP_Data<2> |    2.738(R)|   -0.890(R)|Bus2IP_Clk_BUFGP  |   0.000|
Bus2IP_Data<3> |    2.631(R)|   -0.790(R)|Bus2IP_Clk_BUFGP  |   0.000|
Bus2IP_Data<4> |    2.054(R)|   -0.148(R)|Bus2IP_Clk_BUFGP  |   0.000|
Bus2IP_Data<5> |    1.432(R)|    0.142(R)|Bus2IP_Clk_BUFGP  |   0.000|
Bus2IP_Data<6> |    1.479(R)|    0.338(R)|Bus2IP_Clk_BUFGP  |   0.000|
Bus2IP_Data<7> |    1.111(R)|    0.607(R)|Bus2IP_Clk_BUFGP  |   0.000|
Bus2IP_Data<8> |    2.145(R)|   -0.495(R)|Bus2IP_Clk_BUFGP  |   0.000|
Bus2IP_Data<9> |    1.448(R)|    0.063(R)|Bus2IP_Clk_BUFGP  |   0.000|
Bus2IP_Data<10>|    1.899(R)|    0.186(R)|Bus2IP_Clk_BUFGP  |   0.000|
Bus2IP_Data<11>|    1.745(R)|   -0.133(R)|Bus2IP_Clk_BUFGP  |   0.000|
Bus2IP_Data<12>|    1.319(R)|   -0.049(R)|Bus2IP_Clk_BUFGP  |   0.000|
Bus2IP_Data<13>|    1.539(R)|   -0.016(R)|Bus2IP_Clk_BUFGP  |   0.000|
Bus2IP_Data<14>|    0.955(R)|    0.225(R)|Bus2IP_Clk_BUFGP  |   0.000|
Bus2IP_Data<15>|    1.295(R)|   -0.053(R)|Bus2IP_Clk_BUFGP  |   0.000|
Bus2IP_Data<16>|    1.753(R)|   -0.191(R)|Bus2IP_Clk_BUFGP  |   0.000|
Bus2IP_Data<17>|    1.379(R)|   -0.078(R)|Bus2IP_Clk_BUFGP  |   0.000|
Bus2IP_Data<18>|    0.819(R)|    0.358(R)|Bus2IP_Clk_BUFGP  |   0.000|
Bus2IP_Data<19>|    1.421(R)|    0.284(R)|Bus2IP_Clk_BUFGP  |   0.000|
Bus2IP_Data<20>|    1.007(R)|    0.393(R)|Bus2IP_Clk_BUFGP  |   0.000|
Bus2IP_Data<21>|    1.323(R)|    0.141(R)|Bus2IP_Clk_BUFGP  |   0.000|
Bus2IP_Data<22>|    0.743(R)|    0.662(R)|Bus2IP_Clk_BUFGP  |   0.000|
Bus2IP_Data<23>|    0.829(R)|    0.800(R)|Bus2IP_Clk_BUFGP  |   0.000|
Bus2IP_Data<24>|    1.307(R)|    0.358(R)|Bus2IP_Clk_BUFGP  |   0.000|
Bus2IP_Data<25>|    0.899(R)|    0.487(R)|Bus2IP_Clk_BUFGP  |   0.000|
Bus2IP_Data<26>|    0.784(R)|    0.375(R)|Bus2IP_Clk_BUFGP  |   0.000|
Bus2IP_Data<27>|    0.835(R)|    0.764(R)|Bus2IP_Clk_BUFGP  |   0.000|
Bus2IP_Data<28>|    0.957(R)|    0.437(R)|Bus2IP_Clk_BUFGP  |   0.000|
Bus2IP_Data<29>|    0.837(R)|    0.500(R)|Bus2IP_Clk_BUFGP  |   0.000|
Bus2IP_Data<30>|    2.127(R)|   -0.031(R)|Bus2IP_Clk_BUFGP  |   0.000|
Bus2IP_Data<31>|    1.071(R)|    0.136(R)|Bus2IP_Clk_BUFGP  |   0.000|
Bus2IP_Reset   |    3.846(R)|   -1.465(R)|Bus2IP_Clk_BUFGP  |   0.000|
Bus2IP_WrCE<0> |    7.389(R)|   -1.511(R)|Bus2IP_Clk_BUFGP  |   0.000|
Bus2IP_WrCE<1> |    7.052(R)|   -1.559(R)|Bus2IP_Clk_BUFGP  |   0.000|
Bus2IP_WrCE<2> |    7.477(R)|   -1.969(R)|Bus2IP_Clk_BUFGP  |   0.000|
---------------+------------+------------+------------------+--------+

Clock Bus2IP_Clk to Pad
---------------+------------+------------------+--------+
               | clk (edge) |                  | Clock  |
Destination    |   to PAD   |Internal Clock(s) | Phase  |
---------------+------------+------------------+--------+
IP2Bus_Data<0> |   11.223(R)|Bus2IP_Clk_BUFGP  |   0.000|
IP2Bus_Data<1> |    9.770(R)|Bus2IP_Clk_BUFGP  |   0.000|
IP2Bus_Data<2> |   10.302(R)|Bus2IP_Clk_BUFGP  |   0.000|
IP2Bus_Data<3> |   10.838(R)|Bus2IP_Clk_BUFGP  |   0.000|
IP2Bus_Data<4> |   10.589(R)|Bus2IP_Clk_BUFGP  |   0.000|
IP2Bus_Data<5> |   10.364(R)|Bus2IP_Clk_BUFGP  |   0.000|
IP2Bus_Data<6> |   10.309(R)|Bus2IP_Clk_BUFGP  |   0.000|
IP2Bus_Data<7> |    9.967(R)|Bus2IP_Clk_BUFGP  |   0.000|
IP2Bus_Data<8> |   10.271(R)|Bus2IP_Clk_BUFGP  |   0.000|
IP2Bus_Data<9> |    9.309(R)|Bus2IP_Clk_BUFGP  |   0.000|
IP2Bus_Data<10>|    9.956(R)|Bus2IP_Clk_BUFGP  |   0.000|
IP2Bus_Data<11>|   10.017(R)|Bus2IP_Clk_BUFGP  |   0.000|
IP2Bus_Data<12>|   10.047(R)|Bus2IP_Clk_BUFGP  |   0.000|
IP2Bus_Data<13>|    9.513(R)|Bus2IP_Clk_BUFGP  |   0.000|
IP2Bus_Data<14>|   10.029(R)|Bus2IP_Clk_BUFGP  |   0.000|
IP2Bus_Data<15>|   10.352(R)|Bus2IP_Clk_BUFGP  |   0.000|
IP2Bus_Data<16>|    9.824(R)|Bus2IP_Clk_BUFGP  |   0.000|
IP2Bus_Data<17>|    9.874(R)|Bus2IP_Clk_BUFGP  |   0.000|
IP2Bus_Data<18>|    9.651(R)|Bus2IP_Clk_BUFGP  |   0.000|
IP2Bus_Data<19>|    9.031(R)|Bus2IP_Clk_BUFGP  |   0.000|
IP2Bus_Data<20>|    9.235(R)|Bus2IP_Clk_BUFGP  |   0.000|
IP2Bus_Data<21>|    9.633(R)|Bus2IP_Clk_BUFGP  |   0.000|
IP2Bus_Data<22>|    8.842(R)|Bus2IP_Clk_BUFGP  |   0.000|
IP2Bus_Data<23>|    9.958(R)|Bus2IP_Clk_BUFGP  |   0.000|
IP2Bus_Data<24>|    9.489(R)|Bus2IP_Clk_BUFGP  |   0.000|
IP2Bus_Data<25>|    9.137(R)|Bus2IP_Clk_BUFGP  |   0.000|
IP2Bus_Data<26>|    9.440(R)|Bus2IP_Clk_BUFGP  |   0.000|
IP2Bus_Data<27>|    8.858(R)|Bus2IP_Clk_BUFGP  |   0.000|
IP2Bus_Data<28>|   10.586(R)|Bus2IP_Clk_BUFGP  |   0.000|
IP2Bus_Data<29>|    8.990(R)|Bus2IP_Clk_BUFGP  |   0.000|
IP2Bus_Data<30>|    9.882(R)|Bus2IP_Clk_BUFGP  |   0.000|
IP2Bus_Data<31>|   10.040(R)|Bus2IP_Clk_BUFGP  |   0.000|
blue           |   11.340(R)|Bus2IP_Clk_BUFGP  |   0.000|
green          |   12.037(R)|Bus2IP_Clk_BUFGP  |   0.000|
red            |   11.637(R)|Bus2IP_Clk_BUFGP  |   0.000|
---------------+------------+------------------+--------+

Clock to Setup on destination clock Bus2IP_Clk
---------------+---------+---------+---------+---------+
               | Src:Rise| Src:Fall| Src:Rise| Src:Fall|
Source Clock   |Dest:Rise|Dest:Rise|Dest:Fall|Dest:Fall|
---------------+---------+---------+---------+---------+
Bus2IP_Clk     |    4.068|         |         |         |
---------------+---------+---------+---------+---------+

Pad to Pad
---------------+---------------+---------+
Source Pad     |Destination Pad|  Delay  |
---------------+---------------+---------+
Bus2IP_RdCE<0> |IP2Bus_Data<0> |   13.150|
Bus2IP_RdCE<0> |IP2Bus_Data<1> |   11.790|
Bus2IP_RdCE<0> |IP2Bus_Data<2> |   11.542|
Bus2IP_RdCE<0> |IP2Bus_Data<3> |   12.763|
Bus2IP_RdCE<0> |IP2Bus_Data<4> |   12.680|
Bus2IP_RdCE<0> |IP2Bus_Data<5> |   12.732|
Bus2IP_RdCE<0> |IP2Bus_Data<6> |   11.084|
Bus2IP_RdCE<0> |IP2Bus_Data<7> |   11.588|
Bus2IP_RdCE<0> |IP2Bus_Data<8> |   11.397|
Bus2IP_RdCE<0> |IP2Bus_Data<9> |   11.055|
Bus2IP_RdCE<0> |IP2Bus_Data<10>|   11.094|
Bus2IP_RdCE<0> |IP2Bus_Data<11>|   11.504|
Bus2IP_RdCE<0> |IP2Bus_Data<12>|   11.316|
Bus2IP_RdCE<0> |IP2Bus_Data<13>|   11.367|
Bus2IP_RdCE<0> |IP2Bus_Data<14>|   11.905|
Bus2IP_RdCE<0> |IP2Bus_Data<15>|   12.315|
Bus2IP_RdCE<0> |IP2Bus_Data<16>|   11.636|
Bus2IP_RdCE<0> |IP2Bus_Data<17>|   11.664|
Bus2IP_RdCE<0> |IP2Bus_Data<18>|   11.553|
Bus2IP_RdCE<0> |IP2Bus_Data<19>|   11.159|
Bus2IP_RdCE<0> |IP2Bus_Data<20>|   11.065|
Bus2IP_RdCE<0> |IP2Bus_Data<21>|   11.422|
Bus2IP_RdCE<0> |IP2Bus_Data<22>|   10.939|
Bus2IP_RdCE<0> |IP2Bus_Data<23>|   11.847|
Bus2IP_RdCE<0> |IP2Bus_Data<24>|   11.100|
Bus2IP_RdCE<0> |IP2Bus_Data<25>|   10.979|
Bus2IP_RdCE<0> |IP2Bus_Data<26>|   10.045|
Bus2IP_RdCE<0> |IP2Bus_Data<27>|   10.464|
Bus2IP_RdCE<0> |IP2Bus_Data<28>|   11.343|
Bus2IP_RdCE<0> |IP2Bus_Data<29>|   10.618|
Bus2IP_RdCE<0> |IP2Bus_Data<30>|   10.547|
Bus2IP_RdCE<0> |IP2Bus_Data<31>|   10.602|
Bus2IP_RdCE<0> |IP2Bus_RdAck   |    7.275|
Bus2IP_RdCE<1> |IP2Bus_Data<0> |   12.543|
Bus2IP_RdCE<1> |IP2Bus_Data<1> |   10.655|
Bus2IP_RdCE<1> |IP2Bus_Data<2> |   11.247|
Bus2IP_RdCE<1> |IP2Bus_Data<3> |   11.524|
Bus2IP_RdCE<1> |IP2Bus_Data<4> |   11.504|
Bus2IP_RdCE<1> |IP2Bus_Data<5> |   12.108|
Bus2IP_RdCE<1> |IP2Bus_Data<6> |   11.611|
Bus2IP_RdCE<1> |IP2Bus_Data<7> |   11.183|
Bus2IP_RdCE<1> |IP2Bus_Data<8> |   11.138|
Bus2IP_RdCE<1> |IP2Bus_Data<9> |   10.344|
Bus2IP_RdCE<1> |IP2Bus_Data<10>|   11.138|
Bus2IP_RdCE<1> |IP2Bus_Data<11>|   11.161|
Bus2IP_RdCE<1> |IP2Bus_Data<12>|   10.543|
Bus2IP_RdCE<1> |IP2Bus_Data<13>|   10.700|
Bus2IP_RdCE<1> |IP2Bus_Data<14>|   11.238|
Bus2IP_RdCE<1> |IP2Bus_Data<15>|   12.079|
Bus2IP_RdCE<1> |IP2Bus_Data<16>|   11.276|
Bus2IP_RdCE<1> |IP2Bus_Data<17>|   11.286|
Bus2IP_RdCE<1> |IP2Bus_Data<18>|   10.784|
Bus2IP_RdCE<1> |IP2Bus_Data<19>|   10.797|
Bus2IP_RdCE<1> |IP2Bus_Data<20>|   10.363|
Bus2IP_RdCE<1> |IP2Bus_Data<21>|   10.868|
Bus2IP_RdCE<1> |IP2Bus_Data<22>|   10.263|
Bus2IP_RdCE<1> |IP2Bus_Data<23>|   11.895|
Bus2IP_RdCE<1> |IP2Bus_Data<24>|    9.649|
Bus2IP_RdCE<1> |IP2Bus_Data<25>|    9.405|
Bus2IP_RdCE<1> |IP2Bus_Data<26>|    9.438|
Bus2IP_RdCE<1> |IP2Bus_Data<27>|    9.985|
Bus2IP_RdCE<1> |IP2Bus_Data<28>|   10.423|
Bus2IP_RdCE<1> |IP2Bus_Data<29>|   10.017|
Bus2IP_RdCE<1> |IP2Bus_Data<30>|   10.035|
Bus2IP_RdCE<1> |IP2Bus_Data<31>|    9.799|
Bus2IP_RdCE<1> |IP2Bus_RdAck   |    6.648|
Bus2IP_RdCE<2> |IP2Bus_Data<0> |   13.563|
Bus2IP_RdCE<2> |IP2Bus_Data<1> |   11.828|
Bus2IP_RdCE<2> |IP2Bus_Data<2> |   12.781|
Bus2IP_RdCE<2> |IP2Bus_Data<3> |   13.058|
Bus2IP_RdCE<2> |IP2Bus_Data<4> |   13.156|
Bus2IP_RdCE<2> |IP2Bus_Data<5> |   12.698|
Bus2IP_RdCE<2> |IP2Bus_Data<6> |   12.023|
Bus2IP_RdCE<2> |IP2Bus_Data<7> |   12.636|
Bus2IP_RdCE<2> |IP2Bus_Data<8> |   11.680|
Bus2IP_RdCE<2> |IP2Bus_Data<9> |   11.830|
Bus2IP_RdCE<2> |IP2Bus_Data<10>|   11.780|
Bus2IP_RdCE<2> |IP2Bus_Data<11>|   11.688|
Bus2IP_RdCE<2> |IP2Bus_Data<12>|   11.453|
Bus2IP_RdCE<2> |IP2Bus_Data<13>|   11.186|
Bus2IP_RdCE<2> |IP2Bus_Data<14>|   11.724|
Bus2IP_RdCE<2> |IP2Bus_Data<15>|   11.871|
Bus2IP_RdCE<2> |IP2Bus_Data<16>|   12.590|
Bus2IP_RdCE<2> |IP2Bus_Data<17>|   12.175|
Bus2IP_RdCE<2> |IP2Bus_Data<18>|   12.083|
Bus2IP_RdCE<2> |IP2Bus_Data<19>|   11.811|
Bus2IP_RdCE<2> |IP2Bus_Data<20>|   11.644|
Bus2IP_RdCE<2> |IP2Bus_Data<21>|   12.094|
Bus2IP_RdCE<2> |IP2Bus_Data<22>|   11.684|
Bus2IP_RdCE<2> |IP2Bus_Data<23>|   12.756|
Bus2IP_RdCE<2> |IP2Bus_Data<24>|   10.622|
Bus2IP_RdCE<2> |IP2Bus_Data<25>|   10.654|
Bus2IP_RdCE<2> |IP2Bus_Data<26>|   10.298|
Bus2IP_RdCE<2> |IP2Bus_Data<27>|   10.804|
Bus2IP_RdCE<2> |IP2Bus_Data<28>|   12.316|
Bus2IP_RdCE<2> |IP2Bus_Data<29>|   10.819|
Bus2IP_RdCE<2> |IP2Bus_Data<30>|   11.047|
Bus2IP_RdCE<2> |IP2Bus_Data<31>|   11.165|
Bus2IP_RdCE<2> |IP2Bus_RdAck   |    7.211|
Bus2IP_WrCE<0> |IP2Bus_WrAck   |    8.201|
Bus2IP_WrCE<1> |IP2Bus_WrAck   |    9.073|
Bus2IP_WrCE<2> |IP2Bus_WrAck   |    8.733|
---------------+---------------+---------+


Analysis completed Thu Dec 14 12:17:24 2023 
--------------------------------------------------------------------------------

Trace Settings:
-------------------------
Trace Settings 

Peak Memory Usage: 4495 MB



