
**** Build of configuration Debug for project motorola ****

make all 
Building file: ../src/lcd.c
Invoking: MicroBlaze gcc compiler
mb-gcc -Wall -O0 -g3 -c -fmessage-length=0 -Wl,--no-relax -I../../peripheral_tests_bsp_0/microblaze_0/include -mxl-pattern-compare -mcpu=v8.30.a -mno-xl-soft-mul -MMD -MP -MF"src/lcd.d" -MT"src/lcd.d" -o"src/lcd.o" "../src/lcd.c"
../src/lcd.c: In function 'lcdDEMO':
../src/lcd.c:49:2: warning: implicit declaration of function 'xil_printf' [-Wimplicit-function-declaration]
Finished building: ../src/lcd.c
' '
Building file: ../src/lcd_selftest.c
Invoking: MicroBlaze gcc compiler
mb-gcc -Wall -O0 -g3 -c -fmessage-length=0 -Wl,--no-relax -I../../peripheral_tests_bsp_0/microblaze_0/include -mxl-pattern-compare -mcpu=v8.30.a -mno-xl-soft-mul -MMD -MP -MF"src/lcd_selftest.d" -MT"src/lcd_selftest.d" -o"src/lcd_selftest.o" "../src/lcd_selftest.c"
../src/lcd_selftest.c: In function 'LCD_SelfTest':
../src/lcd_selftest.c:57:3: warning: implicit declaration of function 'xil_printf' [-Wimplicit-function-declaration]
../src/lcd_selftest.c:45:11: warning: unused variable 'Reg16Value' [-Wunused-variable]
../src/lcd_selftest.c:44:11: warning: unused variable 'Reg8Value' [-Wunused-variable]
../src/lcd_selftest.c:42:11: warning: unused variable 'Index' [-Wunused-variable]
Finished building: ../src/lcd_selftest.c
' '
Building file: ../src/testperiph.c
Invoking: MicroBlaze gcc compiler
mb-gcc -Wall -O0 -g3 -c -fmessage-length=0 -Wl,--no-relax -I../../peripheral_tests_bsp_0/microblaze_0/include -mxl-pattern-compare -mcpu=v8.30.a -mno-xl-soft-mul -MMD -MP -MF"src/testperiph.d" -MT"src/testperiph.d" -o"src/testperiph.o" "../src/testperiph.c"
Finished building: ../src/testperiph.c
' '
Building target: motorola.elf
Invoking: MicroBlaze gcc linker
mb-gcc -Wl,--no-relax -Wl,-T -Wl,../src/lscript.ld -L../../peripheral_tests_bsp_0/microblaze_0/lib -mxl-pattern-compare -mcpu=v8.30.a -mno-xl-soft-mul -o"motorola.elf"  ./src/altavoz.o ./src/altavoz_selftest.o ./src/keypad.o ./src/keypad_selftest.o ./src/lcd.o ./src/lcd_selftest.o ./src/leds.o ./src/leds_selftest.o ./src/motor_hw.o ./src/motor_hw_selftest.o ./src/testperiph.o ./src/xbram_example.o   -Wl,--start-group,-lxil,-lgcc,-lc,--end-group
Finished building target: motorola.elf
' '
Invoking: MicroBlaze Print Size
mb-size motorola.elf  |tee "motorola.elf.size"
   text	   data	    bss	    dec	    hex	filename
  17782	    368	   2176	  20326	   4f66	motorola.elf
Finished building: motorola.elf.size
' '
Invoking: Xilinx ELF Check
elfcheck motorola.elf -hw ../../motorola_hw_platform/system.xml -pe microblaze_0  |tee "motorola.elf.elfcheck"
elfcheck
Xilinx EDK 14.1 Build EDK_P.15xf
Copyright (c) 1995-2012 Xilinx, Inc.  All rights reserved.

Command Line: elfcheck -hw ../../motorola_hw_platform/system.xml -pe
microblaze_0 motorola.elf 

ELF file	: motorola.elf
elfcheck passed.
Finished building: motorola.elf.elfcheck
' '
