AR user_logic imp C:/Users/marti/OneDrive/Documentos/4/proyectFinal/SE/pcores/motor_v1_00_a/hdl/vhdl/user_logic.vhd sub00/vhpl01 1706006633
EN motor NULL C:/Users/marti/OneDrive/Documentos/4/proyectFinal/SE/pcores/motor_v1_00_a/hdl/vhdl/motor.vhd sub00/vhpl02 1706006634
EN user_logic NULL C:/Users/marti/OneDrive/Documentos/4/proyectFinal/SE/pcores/motor_v1_00_a/hdl/vhdl/user_logic.vhd sub00/vhpl00 1706006632
AR motor imp C:/Users/marti/OneDrive/Documentos/4/proyectFinal/SE/pcores/motor_v1_00_a/hdl/vhdl/motor.vhd sub00/vhpl03 1706006635
