C:\Users\marti\OneDrive\Documentos\4\proyectFinal\SE\implementation\pr2.ngc 1702812751
C:/Users/marti/OneDrive/Documentos/4/proyectFinal/SE/implementation/pr2_microblaze_0_wrapper.ngc 1702812498
C:/Users/marti/OneDrive/Documentos/4/proyectFinal/SE/implementation/pr2_plb_v46_0_wrapper.ngc 1702812526
C:/Users/marti/OneDrive/Documentos/4/proyectFinal/SE/implementation/pr2_xps_bram_if_cntlr_0_wrapper.ngc 1702812498
C:/Users/marti/OneDrive/Documentos/4/proyectFinal/SE/implementation/pr2_bram_block_0_wrapper.ngc 1702812498
C:/Users/marti/OneDrive/Documentos/4/proyectFinal/SE/implementation/pr2_xps_gpio_0_wrapper.ngc 1702812498
C:/Users/marti/OneDrive/Documentos/4/proyectFinal/SE/implementation/pr2_xps_uartlite_0_wrapper.ngc 1702812498
C:/Users/marti/OneDrive/Documentos/4/proyectFinal/SE/implementation/pr2_xps_gpio_1_wrapper.ngc 1702812498
C:/Users/marti/OneDrive/Documentos/4/proyectFinal/SE/implementation/pr2_banner_0_wrapper.ngc 1702812550
C:/Users/marti/OneDrive/Documentos/4/proyectFinal/SE/implementation/pr2_keypad_0_wrapper.ngc 1702812563
C:/Users/marti/OneDrive/Documentos/4/proyectFinal/SE/implementation/pr2_ledsrgb_0_wrapper.ngc 1702812580
C:/Users/marti/OneDrive/Documentos/4/proyectFinal/SE/implementation/pr2_altavoz_0_wrapper.ngc 1702812592
C:/Users/marti/OneDrive/Documentos/4/proyectFinal/SE/implementation/pr2_motor_hw_0_wrapper.ngc 1702812606
OK
