
**** Build of configuration Debug for project peripheral_test_1 ****

make all 
Building file: ../src/testperiph.c
Invoking: MicroBlaze gcc compiler
mb-gcc -Wall -O0 -g3 -c -fmessage-length=0 -Wl,--no-relax -I../../peripheral_tests_bsp_1/microblaze_0/include -mxl-pattern-compare -mcpu=v8.30.a -mno-xl-soft-mul -MMD -MP -MF"src/testperiph.d" -MT"src/testperiph.d" -o"src/testperiph.o" "../src/testperiph.c"
../src/testperiph.c: In function 'getNumber':
../src/testperiph.c:72:4: warning: implicit declaration of function 'XUartLite_RecvByte' [-Wimplicit-function-declaration]
../src/testperiph.c:74:4: warning: implicit declaration of function 'XUartLite_SendByte' [-Wimplicit-function-declaration]
../src/testperiph.c:109:3: warning: implicit declaration of function 'print' [-Wimplicit-function-declaration]
../src/testperiph.c: In function 'main':
../src/testperiph.c:149:7: warning: implicit declaration of function 'xil_printf' [-Wimplicit-function-declaration]
Finished building: ../src/testperiph.c
' '
Building target: peripheral_test_1.elf
Invoking: MicroBlaze gcc linker
mb-gcc -Wl,--no-relax -Wl,-T -Wl,../src/lscript.ld -L../../peripheral_tests_bsp_1/microblaze_0/lib -mxl-pattern-compare -mcpu=v8.30.a -mno-xl-soft-mul -o"peripheral_test_1.elf"  ./src/testperiph.o ./src/xbram_example.o ./src/xgpio_tapp_example.o   -Wl,--start-group,-lxil,-lgcc,-lc,--end-group
Finished building target: peripheral_test_1.elf
' '
Invoking: MicroBlaze Print Size
mb-size peripheral_test_1.elf  |tee "peripheral_test_1.elf.size"
   text	   data	    bss	    dec	    hex	filename
  12706	    384	   2262	  15352	   3bf8	peripheral_test_1.elf
Finished building: peripheral_test_1.elf.size
' '
Invoking: Xilinx ELF Check
elfcheck peripheral_test_1.elf -hw ../../SE_hw_platform/system.xml -pe microblaze_0  |tee "peripheral_test_1.elf.elfcheck"
elfcheck
Xilinx EDK 14.1 Build EDK_P.15xf
Copyright (c) 1995-2012 Xilinx, Inc.  All rights reserved.

Command Line: elfcheck -hw ../../SE_hw_platform/system.xml -pe microblaze_0
peripheral_test_1.elf 

ELF file	: peripheral_test_1.elf
elfcheck passed.
Finished building: peripheral_test_1.elf.elfcheck
' '
