--------------------------------------------------------------------------------
Release 14.1 Trace  (nt64)
Copyright (c) 1995-2012 Xilinx, Inc.  All rights reserved.

C:\xilinEmpotrado\14.1\ISE_DS\ISE\bin\nt64\unwrapped\trce.exe -intstyle ise -v
3 -s 5 -n 3 -fastpaths -xml user_logic.twx user_logic.ncd -o user_logic.twr
user_logic.pcf

Design file:              user_logic.ncd
Physical constraint file: user_logic.pcf
Device,package,speed:     xc3s1000,ft256,-5 (PRODUCTION 1.39 2012-04-23)
Report level:             verbose report

Environment Variable      Effect 
--------------------      ------ 
NONE                      No environment variables were set
--------------------------------------------------------------------------------

INFO:Timing:2698 - No timing constraints found, doing default enumeration.
INFO:Timing:3412 - To improve timing, see the Timing Closure User Guide (UG612).
INFO:Timing:2752 - To get complete path coverage, use the unconstrained paths 
   option. All paths that are not constrained will be reported in the 
   unconstrained paths section(s) of the report.
INFO:Timing:3339 - The clock-to-out numbers in this timing report are based on 
   a 50 Ohm transmission line loading model.  For the details of this model, 
   and for more information on accounting for different loading conditions, 
   please see the device datasheet.
INFO:Timing:3390 - This architecture does not support a default System Jitter 
   value, please add SYSTEM_JITTER constraint to the UCF to modify the Clock 
   Uncertainty calculation.
INFO:Timing:3389 - This architecture does not support 'Discrete Jitter' and 
   'Phase Error' calculations, these terms will be zero in the Clock 
   Uncertainty calculation.  Please make appropriate modification to 
   SYSTEM_JITTER to account for the unsupported Discrete Jitter and Phase 
   Error.



Data Sheet report:
-----------------
All values displayed in nanoseconds (ns)

Setup/Hold to clock Bus2IP_Clk
---------------+------------+------------+------------------+--------+
               |Max Setup to|Max Hold to |                  | Clock  |
Source         | clk (edge) | clk (edge) |Internal Clock(s) | Phase  |
---------------+------------+------------+------------------+--------+
Bus2IP_BE<0>   |    4.733(R)|   -1.705(R)|Bus2IP_Clk_BUFGP  |   0.000|
Bus2IP_BE<1>   |    5.300(R)|   -2.172(R)|Bus2IP_Clk_BUFGP  |   0.000|
Bus2IP_BE<2>   |    4.867(R)|   -1.551(R)|Bus2IP_Clk_BUFGP  |   0.000|
Bus2IP_BE<3>   |    4.519(R)|   -1.245(R)|Bus2IP_Clk_BUFGP  |   0.000|
Bus2IP_Data<0> |    1.991(R)|   -0.119(R)|Bus2IP_Clk_BUFGP  |   0.000|
Bus2IP_Data<1> |    3.302(R)|   -1.202(R)|Bus2IP_Clk_BUFGP  |   0.000|
Bus2IP_Data<2> |    3.277(R)|   -1.424(R)|Bus2IP_Clk_BUFGP  |   0.000|
Bus2IP_Data<3> |    0.715(R)|    0.488(R)|Bus2IP_Clk_BUFGP  |   0.000|
Bus2IP_Data<4> |    1.523(R)|    0.014(R)|Bus2IP_Clk_BUFGP  |   0.000|
Bus2IP_Data<5> |    0.906(R)|    0.499(R)|Bus2IP_Clk_BUFGP  |   0.000|
Bus2IP_Data<6> |    1.997(R)|   -0.576(R)|Bus2IP_Clk_BUFGP  |   0.000|
Bus2IP_Data<7> |    1.941(R)|   -0.557(R)|Bus2IP_Clk_BUFGP  |   0.000|
Bus2IP_Data<8> |    1.802(R)|   -0.437(R)|Bus2IP_Clk_BUFGP  |   0.000|
Bus2IP_Data<9> |    1.355(R)|   -0.089(R)|Bus2IP_Clk_BUFGP  |   0.000|
Bus2IP_Data<10>|    2.028(R)|   -0.634(R)|Bus2IP_Clk_BUFGP  |   0.000|
Bus2IP_Data<11>|    2.249(R)|   -0.369(R)|Bus2IP_Clk_BUFGP  |   0.000|
Bus2IP_Data<12>|    0.810(R)|    0.377(R)|Bus2IP_Clk_BUFGP  |   0.000|
Bus2IP_Data<13>|    1.926(R)|   -0.115(R)|Bus2IP_Clk_BUFGP  |   0.000|
Bus2IP_Data<14>|    0.668(R)|    0.454(R)|Bus2IP_Clk_BUFGP  |   0.000|
Bus2IP_Data<15>|    1.427(R)|   -0.153(R)|Bus2IP_Clk_BUFGP  |   0.000|
Bus2IP_Data<16>|    1.008(R)|    0.374(R)|Bus2IP_Clk_BUFGP  |   0.000|
Bus2IP_Data<17>|    1.090(R)|    0.347(R)|Bus2IP_Clk_BUFGP  |   0.000|
Bus2IP_Data<18>|    0.641(R)|    0.630(R)|Bus2IP_Clk_BUFGP  |   0.000|
Bus2IP_Data<19>|    1.053(R)|    0.151(R)|Bus2IP_Clk_BUFGP  |   0.000|
Bus2IP_Data<20>|    0.621(R)|    0.638(R)|Bus2IP_Clk_BUFGP  |   0.000|
Bus2IP_Data<21>|    0.675(R)|    0.460(R)|Bus2IP_Clk_BUFGP  |   0.000|
Bus2IP_Data<22>|    1.093(R)|    0.315(R)|Bus2IP_Clk_BUFGP  |   0.000|
Bus2IP_Data<23>|    1.348(R)|    0.357(R)|Bus2IP_Clk_BUFGP  |   0.000|
Bus2IP_Data<24>|    0.831(R)|    0.324(R)|Bus2IP_Clk_BUFGP  |   0.000|
Bus2IP_Data<25>|    1.373(R)|   -0.110(R)|Bus2IP_Clk_BUFGP  |   0.000|
Bus2IP_Data<26>|    1.292(R)|    0.381(R)|Bus2IP_Clk_BUFGP  |   0.000|
Bus2IP_Data<27>|    1.415(R)|    0.084(R)|Bus2IP_Clk_BUFGP  |   0.000|
Bus2IP_Data<28>|    1.228(R)|    0.000(R)|Bus2IP_Clk_BUFGP  |   0.000|
Bus2IP_Data<29>|    1.473(R)|   -0.196(R)|Bus2IP_Clk_BUFGP  |   0.000|
Bus2IP_Data<30>|    1.944(R)|   -0.576(R)|Bus2IP_Clk_BUFGP  |   0.000|
Bus2IP_Data<31>|    2.146(R)|   -0.304(R)|Bus2IP_Clk_BUFGP  |   0.000|
Bus2IP_Reset   |    4.997(R)|   -0.823(R)|Bus2IP_Clk_BUFGP  |   0.000|
Bus2IP_WrCE<0> |    5.703(R)|   -1.415(R)|Bus2IP_Clk_BUFGP  |   0.000|
Bus2IP_WrCE<1> |    5.973(R)|   -1.749(R)|Bus2IP_Clk_BUFGP  |   0.000|
---------------+------------+------------+------------------+--------+

Clock Bus2IP_Clk to Pad
---------------+------------+------------------+--------+
               | clk (edge) |                  | Clock  |
Destination    |   to PAD   |Internal Clock(s) | Phase  |
---------------+------------+------------------+--------+
IP2Bus_Data<0> |   11.601(R)|Bus2IP_Clk_BUFGP  |   0.000|
IP2Bus_Data<1> |   10.982(R)|Bus2IP_Clk_BUFGP  |   0.000|
IP2Bus_Data<2> |    9.084(R)|Bus2IP_Clk_BUFGP  |   0.000|
IP2Bus_Data<3> |    8.755(R)|Bus2IP_Clk_BUFGP  |   0.000|
IP2Bus_Data<4> |    8.827(R)|Bus2IP_Clk_BUFGP  |   0.000|
IP2Bus_Data<5> |    9.123(R)|Bus2IP_Clk_BUFGP  |   0.000|
IP2Bus_Data<6> |   10.256(R)|Bus2IP_Clk_BUFGP  |   0.000|
IP2Bus_Data<7> |   10.265(R)|Bus2IP_Clk_BUFGP  |   0.000|
IP2Bus_Data<8> |   10.188(R)|Bus2IP_Clk_BUFGP  |   0.000|
IP2Bus_Data<9> |   10.084(R)|Bus2IP_Clk_BUFGP  |   0.000|
IP2Bus_Data<10>|   10.453(R)|Bus2IP_Clk_BUFGP  |   0.000|
IP2Bus_Data<11>|   10.131(R)|Bus2IP_Clk_BUFGP  |   0.000|
IP2Bus_Data<12>|   10.246(R)|Bus2IP_Clk_BUFGP  |   0.000|
IP2Bus_Data<13>|   10.102(R)|Bus2IP_Clk_BUFGP  |   0.000|
IP2Bus_Data<14>|    8.727(R)|Bus2IP_Clk_BUFGP  |   0.000|
IP2Bus_Data<15>|    9.633(R)|Bus2IP_Clk_BUFGP  |   0.000|
IP2Bus_Data<16>|   10.269(R)|Bus2IP_Clk_BUFGP  |   0.000|
IP2Bus_Data<17>|   10.052(R)|Bus2IP_Clk_BUFGP  |   0.000|
IP2Bus_Data<18>|    9.710(R)|Bus2IP_Clk_BUFGP  |   0.000|
IP2Bus_Data<19>|   12.007(R)|Bus2IP_Clk_BUFGP  |   0.000|
IP2Bus_Data<20>|    9.056(R)|Bus2IP_Clk_BUFGP  |   0.000|
IP2Bus_Data<21>|    8.745(R)|Bus2IP_Clk_BUFGP  |   0.000|
IP2Bus_Data<22>|    8.505(R)|Bus2IP_Clk_BUFGP  |   0.000|
IP2Bus_Data<23>|   11.242(R)|Bus2IP_Clk_BUFGP  |   0.000|
IP2Bus_Data<24>|    9.421(R)|Bus2IP_Clk_BUFGP  |   0.000|
IP2Bus_Data<25>|    9.358(R)|Bus2IP_Clk_BUFGP  |   0.000|
IP2Bus_Data<26>|    9.857(R)|Bus2IP_Clk_BUFGP  |   0.000|
IP2Bus_Data<27>|    9.088(R)|Bus2IP_Clk_BUFGP  |   0.000|
IP2Bus_Data<28>|    9.224(R)|Bus2IP_Clk_BUFGP  |   0.000|
IP2Bus_Data<29>|    9.366(R)|Bus2IP_Clk_BUFGP  |   0.000|
IP2Bus_Data<30>|   10.049(R)|Bus2IP_Clk_BUFGP  |   0.000|
IP2Bus_Data<31>|    9.472(R)|Bus2IP_Clk_BUFGP  |   0.000|
---------------+------------+------------------+--------+

Pad to Pad
---------------+---------------+---------+
Source Pad     |Destination Pad|  Delay  |
---------------+---------------+---------+
Bus2IP_RdCE<0> |IP2Bus_Data<0> |   12.127|
Bus2IP_RdCE<0> |IP2Bus_Data<1> |   11.939|
Bus2IP_RdCE<0> |IP2Bus_Data<2> |   10.348|
Bus2IP_RdCE<0> |IP2Bus_Data<3> |    9.962|
Bus2IP_RdCE<0> |IP2Bus_Data<4> |   10.075|
Bus2IP_RdCE<0> |IP2Bus_Data<5> |   10.058|
Bus2IP_RdCE<0> |IP2Bus_Data<6> |   11.403|
Bus2IP_RdCE<0> |IP2Bus_Data<7> |   11.411|
Bus2IP_RdCE<0> |IP2Bus_Data<8> |   12.391|
Bus2IP_RdCE<0> |IP2Bus_Data<9> |   12.535|
Bus2IP_RdCE<0> |IP2Bus_Data<10>|   11.396|
Bus2IP_RdCE<0> |IP2Bus_Data<11>|   12.450|
Bus2IP_RdCE<0> |IP2Bus_Data<12>|   11.196|
Bus2IP_RdCE<0> |IP2Bus_Data<13>|   11.702|
Bus2IP_RdCE<0> |IP2Bus_Data<14>|    9.754|
Bus2IP_RdCE<0> |IP2Bus_Data<15>|   10.703|
Bus2IP_RdCE<0> |IP2Bus_Data<16>|   11.563|
Bus2IP_RdCE<0> |IP2Bus_Data<17>|   12.252|
Bus2IP_RdCE<0> |IP2Bus_Data<18>|   11.138|
Bus2IP_RdCE<0> |IP2Bus_Data<19>|   12.116|
Bus2IP_RdCE<0> |IP2Bus_Data<20>|   10.052|
Bus2IP_RdCE<0> |IP2Bus_Data<21>|   10.391|
Bus2IP_RdCE<0> |IP2Bus_Data<22>|   10.403|
Bus2IP_RdCE<0> |IP2Bus_Data<23>|   11.289|
Bus2IP_RdCE<0> |IP2Bus_Data<24>|    9.870|
Bus2IP_RdCE<0> |IP2Bus_Data<25>|   10.023|
Bus2IP_RdCE<0> |IP2Bus_Data<26>|   10.809|
Bus2IP_RdCE<0> |IP2Bus_Data<27>|   10.297|
Bus2IP_RdCE<0> |IP2Bus_Data<28>|   11.219|
Bus2IP_RdCE<0> |IP2Bus_Data<29>|   10.623|
Bus2IP_RdCE<0> |IP2Bus_Data<30>|   10.572|
Bus2IP_RdCE<0> |IP2Bus_Data<31>|   10.767|
Bus2IP_RdCE<0> |IP2Bus_RdAck   |   10.984|
Bus2IP_RdCE<1> |IP2Bus_Data<0> |   11.573|
Bus2IP_RdCE<1> |IP2Bus_Data<1> |   12.353|
Bus2IP_RdCE<1> |IP2Bus_Data<2> |   10.652|
Bus2IP_RdCE<1> |IP2Bus_Data<3> |   10.009|
Bus2IP_RdCE<1> |IP2Bus_Data<4> |    9.998|
Bus2IP_RdCE<1> |IP2Bus_Data<5> |   10.371|
Bus2IP_RdCE<1> |IP2Bus_Data<6> |   11.701|
Bus2IP_RdCE<1> |IP2Bus_Data<7> |   11.936|
Bus2IP_RdCE<1> |IP2Bus_Data<8> |   12.024|
Bus2IP_RdCE<1> |IP2Bus_Data<9> |   12.364|
Bus2IP_RdCE<1> |IP2Bus_Data<10>|   11.531|
Bus2IP_RdCE<1> |IP2Bus_Data<11>|   11.667|
Bus2IP_RdCE<1> |IP2Bus_Data<12>|   10.849|
Bus2IP_RdCE<1> |IP2Bus_Data<13>|   11.675|
Bus2IP_RdCE<1> |IP2Bus_Data<14>|    9.773|
Bus2IP_RdCE<1> |IP2Bus_Data<15>|   11.133|
Bus2IP_RdCE<1> |IP2Bus_Data<16>|   11.473|
Bus2IP_RdCE<1> |IP2Bus_Data<17>|   11.400|
Bus2IP_RdCE<1> |IP2Bus_Data<18>|   11.223|
Bus2IP_RdCE<1> |IP2Bus_Data<19>|   12.480|
Bus2IP_RdCE<1> |IP2Bus_Data<20>|   10.169|
Bus2IP_RdCE<1> |IP2Bus_Data<21>|   10.641|
Bus2IP_RdCE<1> |IP2Bus_Data<22>|   10.717|
Bus2IP_RdCE<1> |IP2Bus_Data<23>|   11.842|
Bus2IP_RdCE<1> |IP2Bus_Data<24>|    9.991|
Bus2IP_RdCE<1> |IP2Bus_Data<25>|   10.510|
Bus2IP_RdCE<1> |IP2Bus_Data<26>|   11.292|
Bus2IP_RdCE<1> |IP2Bus_Data<27>|   10.340|
Bus2IP_RdCE<1> |IP2Bus_Data<28>|   11.233|
Bus2IP_RdCE<1> |IP2Bus_Data<29>|   10.858|
Bus2IP_RdCE<1> |IP2Bus_Data<30>|    9.387|
Bus2IP_RdCE<1> |IP2Bus_Data<31>|   10.703|
Bus2IP_RdCE<1> |IP2Bus_RdAck   |   10.819|
Bus2IP_WrCE<0> |IP2Bus_WrAck   |    8.193|
Bus2IP_WrCE<1> |IP2Bus_WrAck   |    9.072|
---------------+---------------+---------+


Analysis completed Wed Dec 20 17:40:06 2023 
--------------------------------------------------------------------------------

Trace Settings:
-------------------------
Trace Settings 

Peak Memory Usage: 4494 MB



