V3 5
FL C:/Users/marti/OneDrive/Documentos/4/proyectFinal/SE/pcores/banner_v1_00_a/hdl/vhdl/user_logic.vhd 2023/12/14.12:11:00 P.15xf
EN banner_v1_00_a/user_logic 1702552270 \
      FL C:/Users/marti/OneDrive/Documentos/4/proyectFinal/SE/pcores/banner_v1_00_a/hdl/vhdl/user_logic.vhd \
      PB ieee/std_logic_1164 1335251622 PB ieee/std_logic_arith 1335251623 \
      PB ieee/STD_LOGIC_UNSIGNED 1335251625 LB proc_common_v3_00_a \
      PB proc_common_v3_00_a/proc_common_pkg 1702552267
AR banner_v1_00_a/user_logic/IMP 1702552271 \
      FL C:/Users/marti/OneDrive/Documentos/4/proyectFinal/SE/pcores/banner_v1_00_a/hdl/vhdl/user_logic.vhd \
      EN banner_v1_00_a/user_logic 1702552270 CP bannerDesp
